%Warning-WIDTHEXPAND: miniRV-with-SoC/src/rtl/ALU.v:129:10: Output port connection 'z' expects 66 bits on the pin connection, but pin connection's VARREF 'mulu_res' generates 64 bits.
                                                          : ... note: In instance 'rtl_axi_probe.dut.U_core.U_ALU'
  129 |         .z      (mulu_res),
      |          ^
                      ... For warning description see https://verilator.org/warn/WIDTHEXPAND?v=5.020
                      ... Use "/* verilator lint_off WIDTHEXPAND */" and lint_on around source to disable this message.
%Warning-WIDTHEXPAND: miniRV-with-SoC/src/rtl/ALU.v:150:10: Output port connection 'z' expects 33 bits on the pin connection, but pin connection's VARREF 'divu_quo' generates 32 bits.
                                                          : ... note: In instance 'rtl_axi_probe.dut.U_core.U_ALU'
  150 |         .z      (divu_quo),
      |          ^
%Warning-WIDTHEXPAND: miniRV-with-SoC/src/rtl/ALU.v:151:10: Output port connection 'r' expects 33 bits on the pin connection, but pin connection's VARREF 'divu_rem' generates 32 bits.
                                                          : ... note: In instance 'rtl_axi_probe.dut.U_core.U_ALU'
  151 |         .r      (divu_rem),
      |          ^
%Warning-WIDTHEXPAND: rtl_axi_probe.sv:158:63: Operator SHIFTL expects 32 bits on the LHS, but LHS's VARREF 'read_beat' generates 8 bits.
                                             : ... note: In instance 'rtl_axi_probe'
  158 |                     rdata  <= bus_read(read_addr + (read_beat << 2));
      |                                                               ^~
%Warning-WIDTHEXPAND: rtl_axi_probe.sv:188:25: Operator ASSIGN expects 32 bits on the Assign RHS, but Assign RHS's SEL generates 16 bits.
                                             : ... note: In instance 'rtl_axi_probe'
  188 |                     idx = awaddr_hold[17:2];
      |                         ^
%Warning-CASEINCOMPLETE: miniRV-with-SoC/src/rtl/MREQ.v:27:9: Case values incompletely covered (example pattern 0x0)
                                                            : ... note: In instance 'rtl_axi_probe.dut.U_core'
   27 |         case (ram_wop)
      |         ^~~~
make: Entering directory '/mnt/d/cpu-design/obj_dir_fix'
g++ -Os  -I.  -MMD -I/usr/share/verilator/include -I/usr/share/verilator/include/vltstd -DVM_COVERAGE=0 -DVM_SC=0 -DVM_TRACE=0 -DVM_TRACE_FST=0 -DVM_TRACE_VCD=0 -faligned-new -fcf-protection=none -Wno-bool-operation -Wno-overloaded-virtual -Wno-shadow -Wno-sign-compare -Wno-uninitialized -Wno-unused-but-set-parameter -Wno-unused-but-set-variable -Wno-unused-parameter -Wno-unused-variable     -DVL_TIME_CONTEXT   -fcoroutines -c -o verilated.o /usr/share/verilator/include/verilated.cpp
g++ -Os  -I.  -MMD -I/usr/share/verilator/include -I/usr/share/verilator/include/vltstd -DVM_COVERAGE=0 -DVM_SC=0 -DVM_TRACE=0 -DVM_TRACE_FST=0 -DVM_TRACE_VCD=0 -faligned-new -fcf-protection=none -Wno-bool-operation -Wno-overloaded-virtual -Wno-shadow -Wno-sign-compare -Wno-uninitialized -Wno-unused-but-set-parameter -Wno-unused-but-set-variable -Wno-unused-parameter -Wno-unused-variable     -DVL_TIME_CONTEXT   -fcoroutines -c -o verilated_dpi.o /usr/share/verilator/include/verilated_dpi.cpp
g++ -Os  -I.  -MMD -I/usr/share/verilator/include -I/usr/share/verilator/include/vltstd -DVM_COVERAGE=0 -DVM_SC=0 -DVM_TRACE=0 -DVM_TRACE_FST=0 -DVM_TRACE_VCD=0 -faligned-new -fcf-protection=none -Wno-bool-operation -Wno-overloaded-virtual -Wno-shadow -Wno-sign-compare -Wno-uninitialized -Wno-unused-but-set-parameter -Wno-unused-but-set-variable -Wno-unused-parameter -Wno-unused-variable     -DVL_TIME_CONTEXT   -fcoroutines -c -o verilated_timing.o /usr/share/verilator/include/verilated_timing.cpp
g++ -Os  -I.  -MMD -I/usr/share/verilator/include -I/usr/share/verilator/include/vltstd -DVM_COVERAGE=0 -DVM_SC=0 -DVM_TRACE=0 -DVM_TRACE_FST=0 -DVM_TRACE_VCD=0 -faligned-new -fcf-protection=none -Wno-bool-operation -Wno-overloaded-virtual -Wno-shadow -Wno-sign-compare -Wno-uninitialized -Wno-unused-but-set-parameter -Wno-unused-but-set-variable -Wno-unused-parameter -Wno-unused-variable     -DVL_TIME_CONTEXT   -fcoroutines -c -o verilated_threads.o /usr/share/verilator/include/verilated_threads.cpp
/usr/bin/python3 /usr/share/verilator/bin/verilator_includer -DVL_INCLUDE_OPT=include Vrtl_axi_probe.cpp Vrtl_axi_probe___024root__DepSet_hc37fd6ec__0.cpp Vrtl_axi_probe___024root__DepSet_hf7fd6b59__0.cpp Vrtl_axi_probe_rtl_axi_probe__DepSet_h1d49216b__0.cpp Vrtl_axi_probe_rtl_axi_probe__DepSet_hbdd3f7dc__0.cpp Vrtl_axi_probe_cpu_top__DepSet_h09967537__0.cpp Vrtl_axi_probe_cpu_top__DepSet_hb216cc20__0.cpp Vrtl_axi_probe_cpu_core__DepSet_hcb077347__0.cpp Vrtl_axi_probe_cpu_core__DepSet_hef85c5b0__0.cpp Vrtl_axi_probe_ALU__DepSet_h3d338384__0.cpp Vrtl_axi_probe_multiplier__DepSet_hf2ba296a__0.cpp Vrtl_axi_probe_multiplier__DepSet_h2742ffdb__0.cpp Vrtl_axi_probe_multiplier__W21__DepSet_h6d77f910__0.cpp Vrtl_axi_probe_multiplier__W21__DepSet_h8df55005__0.cpp Vrtl_axi_probe__main.cpp Vrtl_axi_probe__Dpi.cpp Vrtl_axi_probe__ConstPool_0.cpp Vrtl_axi_probe___024root__Slow.cpp Vrtl_axi_probe___024root__DepSet_hc37fd6ec__0__Slow.cpp Vrtl_axi_probe___024root__DepSet_hf7fd6b59__0__Slow.cpp Vrtl_axi_probe_rtl_axi_probe__Slow.cpp Vrtl_axi_probe_rtl_axi_probe__DepSet_hbdd3f7dc__0__Slow.cpp Vrtl_axi_probe_cpu_top__Slow.cpp Vrtl_axi_probe_cpu_top__DepSet_h09967537__0__Slow.cpp Vrtl_axi_probe_cpu_top__DepSet_hb216cc20__0__Slow.cpp Vrtl_axi_probe_cpu_core__Slow.cpp Vrtl_axi_probe_cpu_core__DepSet_hcb077347__0__Slow.cpp Vrtl_axi_probe_cpu_core__DepSet_hef85c5b0__0__Slow.cpp Vrtl_axi_probe_ALU__Slow.cpp Vrtl_axi_probe_ALU__DepSet_hc202a258__0__Slow.cpp Vrtl_axi_probe_ALU__DepSet_h3d338384__0__Slow.cpp Vrtl_axi_probe_multiplier__Slow.cpp Vrtl_axi_probe_multiplier__DepSet_h2742ffdb__0__Slow.cpp Vrtl_axi_probe_multiplier__W21__Slow.cpp Vrtl_axi_probe_multiplier__W21__DepSet_h8df55005__0__Slow.cpp Vrtl_axi_probe__Syms.cpp > Vrtl_axi_probe__ALL.cpp
g++ -Os  -I.  -MMD -I/usr/share/verilator/include -I/usr/share/verilator/include/vltstd -DVM_COVERAGE=0 -DVM_SC=0 -DVM_TRACE=0 -DVM_TRACE_FST=0 -DVM_TRACE_VCD=0 -faligned-new -fcf-protection=none -Wno-bool-operation -Wno-overloaded-virtual -Wno-shadow -Wno-sign-compare -Wno-uninitialized -Wno-unused-but-set-parameter -Wno-unused-but-set-variable -Wno-unused-parameter -Wno-unused-variable     -DVL_TIME_CONTEXT   -fcoroutines -c -o Vrtl_axi_probe__ALL.o Vrtl_axi_probe__ALL.cpp
echo "" > Vrtl_axi_probe__ALL.verilator_deplist.tmp
Archive ar -rcs Vrtl_axi_probe__ALL.a Vrtl_axi_probe__ALL.o
g++     verilated.o verilated_dpi.o verilated_timing.o verilated_threads.o Vrtl_axi_probe__ALL.a    -pthread -lpthread -latomic   -o probe_sim_fix
rm Vrtl_axi_probe__ALL.verilator_deplist.tmp
make: Leaving directory '/mnt/d/cpu-design/obj_dir_fix'
