Copyright 1986-2022 Xilinx, Inc. All Rights Reserved. Copyright 2022-2025 Advanced Micro Devices, Inc. All Rights Reserved.
---------------------------------------------------------------------------------------------------------------------------------------------
| Tool Version : Vivado v.2025.1 (win64) Build 6140274 Thu May 22 00:12:29 MDT 2025
| Date         : Wed Jul 29 11:50:54 2026
| Host         : LAPTOP-1C1u4O running 64-bit major release  (build 9200)
| Command      : report_control_sets -verbose -file miniRV_SoC_control_sets_placed.rpt
| Design       : miniRV_SoC
| Device       : xc7a35t
---------------------------------------------------------------------------------------------------------------------------------------------

Control Set Information

Table of Contents
-----------------
1. Summary
2. Histogram
3. Flip-Flop Distribution
4. Detailed Control Set Information

1. Summary
----------

+----------------------------------------------------------+-------+
|                          Status                          | Count |
+----------------------------------------------------------+-------+
| Total control sets                                       |   200 |
|    Minimum number of control sets                        |   200 |
|    Addition due to synthesis replication                 |     0 |
|    Addition due to physical synthesis replication        |     0 |
| Unused register locations in slices containing registers |   640 |
+----------------------------------------------------------+-------+
* Control sets can be merged at opt_design using control_set_merge or merge_equivalent_drivers
** Run report_qor_suggestions for automated merging and remapping suggestions


2. Histogram
------------

+--------------------+-------+
|       Fanout       | Count |
+--------------------+-------+
| Total control sets |   200 |
| >= 0 to < 4        |    10 |
| >= 4 to < 6        |    40 |
| >= 6 to < 8        |    10 |
| >= 8 to < 10       |    27 |
| >= 10 to < 12      |     8 |
| >= 12 to < 14      |    16 |
| >= 14 to < 16      |    10 |
| >= 16              |    79 |
+--------------------+-------+
* Control sets can be remapped at either synth_design or opt_design


3. Flip-Flop Distribution
-------------------------

+--------------+-----------------------+------------------------+-----------------+--------------+
| Clock Enable | Synchronous Set/Reset | Asynchronous Set/Reset | Total Registers | Total Slices |
+--------------+-----------------------+------------------------+-----------------+--------------+
| No           | No                    | No                     |             495 |          148 |
| No           | No                    | Yes                    |             123 |           42 |
| No           | Yes                   | No                     |             539 |          202 |
| Yes          | No                    | No                     |            1064 |          270 |
| Yes          | No                    | Yes                    |            1666 |          588 |
| Yes          | Yes                   | No                     |             553 |          176 |
+--------------+-----------------------+------------------------+-----------------+--------------+


4. Detailed Control Set Information
-----------------------------------

+-------------------------+-----------------------------------------------------------------------------------------------------------------------------------------------------------------+------------------------------------------------------------------------------------------------------------------+------------------+----------------+--------------+
|       Clock Signal      |                                                                          Enable Signal                                                                          |                                                 Set/Reset Signal                                                 | Slice Load Count | Bel Load Count | Bels / Slice |
+-------------------------+-----------------------------------------------------------------------------------------------------------------------------------------------------------------+------------------------------------------------------------------------------------------------------------------+------------------+----------------+--------------+
|  U_clkgen/inst/clk_out1 | U_uart/U_uart_converter/inst/gen_axilite.gen_b2s_conv.axilite_b2s/RD.r_channel_0/r_push_r                                                                       |                                                                                                                  |                1 |              1 |         1.00 |
|  U_clkgen/inst/clk_out1 | U_display/U_display_converter/inst/gen_axilite.gen_b2s_conv.axilite_b2s/RD.r_channel_0/r_push_r                                                                 |                                                                                                                  |                1 |              1 |         1.00 |
|  U_clkgen/inst/clk_out1 | U_timer/U_timer_converter/inst/gen_axilite.gen_b2s_conv.axilite_b2s/RD.r_channel_0/r_push_r                                                                     |                                                                                                                  |                1 |              1 |         1.00 |
|  U_clkgen/inst/clk_out1 | U_led/U_led_converter/inst/gen_axilite.gen_b2s_conv.axilite_b2s/RD.r_channel_0/r_push_r                                                                         |                                                                                                                  |                1 |              1 |         1.00 |
|  U_clkgen/inst/clk_out1 | U_switch/U_switch_converter/inst/gen_axilite.gen_b2s_conv.axilite_b2s/RD.r_channel_0/r_push_r                                                                   |                                                                                                                  |                1 |              1 |         1.00 |
|  U_clkgen/inst/clk_out1 |                                                                                                                                                                 | sys_rst_sync[1]_i_1_n_0                                                                                          |                1 |              2 |         2.00 |
|  U_clkgen/inst/clk_out1 | U_bram/U0/inst_blk_mem_gen/gnbram.gaxibmg.axi_rd_sm/axi_read_fsm/s_axi_arvalid_0                                                                                | sys_rst_sync[1]                                                                                                  |                3 |              3 |         1.00 |
|  U_clkgen/inst/clk_out1 | U_bridge/inst/gen_samd.crossbar_samd/gen_slave_slots[0].gen_si_write.wdata_router_w/wrouter_aw_fifo/load_s1                                                     |                                                                                                                  |                1 |              3 |         3.00 |
|  U_clkgen/inst/clk_out1 | U_bridge/inst/gen_samd.crossbar_samd/gen_slave_slots[0].gen_si_write.wdata_router_w/wrouter_aw_fifo/gen_srls[0].gen_rep[3].srl_nx1/push                         |                                                                                                                  |                1 |              3 |         3.00 |
|  U_clkgen/inst/clk_out1 | U_bram/U0/inst_blk_mem_gen/gnbram.gaxibmg.axi_wr_fsm/axi_wr_fsm/addr_en_c                                                                                       | sys_rst_sync[1]                                                                                                  |                2 |              3 |         1.50 |
|  U_clkgen/inst/clk_out1 | U_display/U_display_gpio/U0/AXI_LITE_IPIF_I/I_SLAVE_ATTACHMENT/bus2ip_addr_i[8]_i_1_n_0                                                                         | U_display/U_display_gpio/U0/AXI_LITE_IPIF_I/I_SLAVE_ATTACHMENT/SR[0]                                             |                2 |              4 |         2.00 |
|  U_clkgen/inst/clk_out1 | U_switch/U_switch_gpio/U0/AXI_LITE_IPIF_I/I_SLAVE_ATTACHMENT/bus2ip_addr_i[8]_i_1_n_0                                                                           | U_switch/U_switch_gpio/U0/AXI_LITE_IPIF_I/I_SLAVE_ATTACHMENT/SR[0]                                               |                1 |              4 |         4.00 |
|  U_clkgen/inst/clk_out1 | U_uart/U_uart/U0/UARTLITE_CORE_I/BAUD_RATE_I/en_16x_Baud                                                                                                        |                                                                                                                  |                1 |              4 |         4.00 |
|  U_clkgen/inst/clk_out1 |                                                                                                                                                                 | U_timer/U_timer_converter/inst/gen_axilite.gen_b2s_conv.axilite_b2s/SI_REG/aw.aw_pipe/aresetn_d_reg[0]_0         |                3 |              4 |         1.33 |
|  U_clkgen/inst/clk_out1 | U_bridge/inst/gen_samd.crossbar_samd/gen_slave_slots[0].gen_si_write.wdata_router_w/wrouter_aw_fifo/m_valid_i                                                   | U_bridge/inst/gen_samd.crossbar_samd/gen_slave_slots[0].gen_si_write.wdata_router_w/wrouter_aw_fifo/areset_d1    |                2 |              4 |         2.00 |
|  U_clkgen/inst/clk_out1 |                                                                                                                                                                 | U_uart/U_uart_converter/inst/gen_axilite.gen_b2s_conv.axilite_b2s/SI_REG/aw.aw_pipe/aresetn_d_reg[0]_0           |                2 |              4 |         2.00 |
|  U_clkgen/inst/clk_out1 |                                                                                                                                                                 | U_uart/U_uart_converter/inst/gen_axilite.gen_b2s_conv.axilite_b2s/SI_REG/aw.aw_pipe/aresetn_d_reg[1]_inv_0       |                2 |              4 |         2.00 |
|  U_clkgen/inst/clk_out1 |                                                                                                                                                                 | U_led/U_led_gpio/U0/AXI_LITE_IPIF_I/I_SLAVE_ATTACHMENT/clear                                                     |                1 |              4 |         4.00 |
|  U_clkgen/inst/clk_out1 | U_uart/U_uart_converter/inst/gen_axilite.gen_b2s_conv.axilite_b2s/SI_REG/aw.aw_pipe/s_ready_i_reg_0                                                             |                                                                                                                  |                1 |              4 |         4.00 |
|  U_clkgen/inst/clk_out1 |                                                                                                                                                                 | U_timer/U_timer_converter/inst/gen_axilite.gen_b2s_conv.axilite_b2s/SI_REG/aw.aw_pipe/aresetn_d_reg[1]_inv_0     |                3 |              4 |         1.33 |
|  U_clkgen/inst/clk_out1 |                                                                                                                                                                 | U_timer/U_timer/U0/AXI_LITE_IPIF_I/I_SLAVE_ATTACHMENT/clear                                                      |                1 |              4 |         4.00 |
|  U_clkgen/inst/clk_out1 |                                                                                                                                                                 | U_display/U_display_gpio/U0/AXI_LITE_IPIF_I/I_SLAVE_ATTACHMENT/clear                                             |                1 |              4 |         4.00 |
|  U_clkgen/inst/clk_out1 | U_led/U_led_gpio/U0/AXI_LITE_IPIF_I/I_SLAVE_ATTACHMENT/start2                                                                                                   | U_led/U_led_gpio/U0/AXI_LITE_IPIF_I/I_SLAVE_ATTACHMENT/I_DECODER/cs_ce_clr                                       |                1 |              4 |         4.00 |
|  U_clkgen/inst/clk_out1 | U_uart/U_uart_converter/inst/gen_axilite.gen_b2s_conv.axilite_b2s/WR.aw_channel_0/cmd_translator_0/incr_cmd_0/axaddr_incr[11]_i_1_n_0                           |                                                                                                                  |                1 |              4 |         4.00 |
|  U_clkgen/inst/clk_out1 |                                                                                                                                                                 | U_switch/U_switch_gpio/U0/AXI_LITE_IPIF_I/I_SLAVE_ATTACHMENT/clear                                               |                1 |              4 |         4.00 |
|  U_clkgen/inst/clk_out1 | U_led/U_led_gpio/U0/AXI_LITE_IPIF_I/I_SLAVE_ATTACHMENT/bus2ip_addr_i[8]_i_1_n_0                                                                                 | U_led/U_led_gpio/U0/AXI_LITE_IPIF_I/I_SLAVE_ATTACHMENT/SR[0]                                                     |                1 |              4 |         4.00 |
|  U_clkgen/inst/clk_out1 | U_uart/U_uart_converter/inst/gen_axilite.gen_b2s_conv.axilite_b2s/RD.ar_channel_0/ar_cmd_fsm_0/E[0]                                                             |                                                                                                                  |                2 |              4 |         2.00 |
|  U_clkgen/inst/clk_out1 | U_cpu/U_dcache/cpu_wen[3]_i_1_n_0                                                                                                                               | sys_rst_sync[1]                                                                                                  |                2 |              4 |         2.00 |
|  U_clkgen/inst/clk_out1 |                                                                                                                                                                 | U_led/U_led_converter/inst/gen_axilite.gen_b2s_conv.axilite_b2s/SI_REG/aw.aw_pipe/aresetn_d_reg[0]_0             |                2 |              4 |         2.00 |
|  U_clkgen/inst/clk_out1 |                                                                                                                                                                 | U_led/U_led_converter/inst/gen_axilite.gen_b2s_conv.axilite_b2s/SI_REG/aw.aw_pipe/aresetn_d_reg[1]_inv_0         |                2 |              4 |         2.00 |
|  U_clkgen/inst/clk_out1 | U_uart/U_uart/U0/AXI_LITE_IPIF_I/I_SLAVE_ATTACHMENT/start2                                                                                                      | U_uart/U_uart/U0/AXI_LITE_IPIF_I/I_SLAVE_ATTACHMENT/I_DECODER/cs_ce_clr                                          |                1 |              4 |         4.00 |
|  U_clkgen/inst/clk_out1 | U_display/U_display_gpio/U0/AXI_LITE_IPIF_I/I_SLAVE_ATTACHMENT/start2                                                                                           | U_display/U_display_gpio/U0/AXI_LITE_IPIF_I/I_SLAVE_ATTACHMENT/I_DECODER/cs_ce_clr                               |                1 |              4 |         4.00 |
|  U_clkgen/inst/clk_out1 |                                                                                                                                                                 | U_display/U_display_converter/inst/gen_axilite.gen_b2s_conv.axilite_b2s/SI_REG/aw.aw_pipe/aresetn_d_reg[1]_inv_0 |                2 |              4 |         2.00 |
|  U_clkgen/inst/clk_out1 |                                                                                                                                                                 | U_display/U_display_converter/inst/gen_axilite.gen_b2s_conv.axilite_b2s/SI_REG/aw.aw_pipe/aresetn_d_reg[0]_0     |                1 |              4 |         4.00 |
|  U_clkgen/inst/clk_out1 | U_timer/U_timer/U0/AXI_LITE_IPIF_I/I_SLAVE_ATTACHMENT/bus2ip_addr_i[8]_i_1_n_0                                                                                  | U_timer/U_timer/U0/AXI_LITE_IPIF_I/I_SLAVE_ATTACHMENT/SR[0]                                                      |                1 |              4 |         4.00 |
|  U_clkgen/inst/clk_out1 | U_timer/U_timer/U0/AXI_LITE_IPIF_I/I_SLAVE_ATTACHMENT/start2                                                                                                    | U_timer/U_timer/U0/AXI_LITE_IPIF_I/I_SLAVE_ATTACHMENT/I_DECODER/cs_ce_clr                                        |                2 |              4 |         2.00 |
|  U_clkgen/inst/clk_out1 | U_switch/U_switch_gpio/U0/AXI_LITE_IPIF_I/I_SLAVE_ATTACHMENT/start2                                                                                             | U_switch/U_switch_gpio/U0/AXI_LITE_IPIF_I/I_SLAVE_ATTACHMENT/I_DECODER/cs_ce_clr                                 |                1 |              4 |         4.00 |
|  U_clkgen/inst/clk_out1 |                                                                                                                                                                 | U_switch/U_switch_converter/inst/gen_axilite.gen_b2s_conv.axilite_b2s/SI_REG/aw.aw_pipe/aresetn_d_reg[0]_0       |                2 |              4 |         2.00 |
|  U_clkgen/inst/clk_out1 |                                                                                                                                                                 | U_switch/U_switch_converter/inst/gen_axilite.gen_b2s_conv.axilite_b2s/SI_REG/aw.aw_pipe/aresetn_d_reg[1]_inv_0   |                3 |              4 |         1.33 |
|  U_clkgen/inst/clk_out1 | U_uart/U_uart_converter/inst/gen_axilite.gen_b2s_conv.axilite_b2s/WR.aw_channel_0/aw_cmd_fsm_0/m_valid_i_reg[0]                                                 |                                                                                                                  |                2 |              4 |         2.00 |
|  U_clkgen/inst/clk_out1 | U_display/U_display_converter/inst/gen_axilite.gen_b2s_conv.axilite_b2s/RD.r_channel_0/transaction_fifo_0/cnt_read[4]_i_1__0_n_0                                | U_display/U_display_converter/inst/gen_axilite.gen_b2s_conv.axilite_b2s/areset_d1                                |                2 |              5 |         2.50 |
|  U_clkgen/inst/clk_out1 | U_timer/U_timer_converter/inst/gen_axilite.gen_b2s_conv.axilite_b2s/RD.r_channel_0/transaction_fifo_0/cnt_read[4]_i_1__0_n_0                                    | U_timer/U_timer_converter/inst/gen_axilite.gen_b2s_conv.axilite_b2s/areset_d1                                    |                2 |              5 |         2.50 |
|  U_clkgen/inst/clk_out1 | U_display/U_display_converter/inst/gen_axilite.gen_b2s_conv.axilite_b2s/RD.r_channel_0/transaction_fifo_0/E[0]                                                  | U_display/U_display_converter/inst/gen_axilite.gen_b2s_conv.axilite_b2s/areset_d1                                |                2 |              5 |         2.50 |
|  U_clkgen/inst/clk_out1 | U_led/U_led_converter/inst/gen_axilite.gen_b2s_conv.axilite_b2s/RD.r_channel_0/transaction_fifo_0/cnt_read[4]_i_1__0_n_0                                        | U_led/U_led_converter/inst/gen_axilite.gen_b2s_conv.axilite_b2s/areset_d1                                        |                2 |              5 |         2.50 |
|  U_clkgen/inst/clk_out1 | U_switch/U_switch_converter/inst/gen_axilite.gen_b2s_conv.axilite_b2s/RD.r_channel_0/transaction_fifo_0/E[0]                                                    | U_switch/U_switch_converter/inst/gen_axilite.gen_b2s_conv.axilite_b2s/areset_d1                                  |                2 |              5 |         2.50 |
|  U_clkgen/inst/clk_out1 | U_led/U_led_converter/inst/gen_axilite.gen_b2s_conv.axilite_b2s/RD.r_channel_0/transaction_fifo_0/E[0]                                                          | U_led/U_led_converter/inst/gen_axilite.gen_b2s_conv.axilite_b2s/areset_d1                                        |                2 |              5 |         2.50 |
|  U_clkgen/inst/clk_out1 | U_uart/U_uart_converter/inst/gen_axilite.gen_b2s_conv.axilite_b2s/RD.r_channel_0/transaction_fifo_0/cnt_read[4]_i_1__0_n_0                                      | U_uart/U_uart_converter/inst/gen_axilite.gen_b2s_conv.axilite_b2s/areset_d1                                      |                2 |              5 |         2.50 |
|  U_clkgen/inst/clk_out1 | U_switch/U_switch_converter/inst/gen_axilite.gen_b2s_conv.axilite_b2s/RD.r_channel_0/transaction_fifo_0/cnt_read[4]_i_1__0_n_0                                  | U_switch/U_switch_converter/inst/gen_axilite.gen_b2s_conv.axilite_b2s/areset_d1                                  |                2 |              5 |         2.50 |
|  U_clkgen/inst/clk_out1 | U_uart/U_uart_converter/inst/gen_axilite.gen_b2s_conv.axilite_b2s/RD.r_channel_0/transaction_fifo_0/E[0]                                                        | U_uart/U_uart_converter/inst/gen_axilite.gen_b2s_conv.axilite_b2s/areset_d1                                      |                2 |              5 |         2.50 |
|  U_clkgen/inst/clk_out1 | U_timer/U_timer_converter/inst/gen_axilite.gen_b2s_conv.axilite_b2s/RD.r_channel_0/transaction_fifo_0/E[0]                                                      | U_timer/U_timer_converter/inst/gen_axilite.gen_b2s_conv.axilite_b2s/areset_d1                                    |                2 |              5 |         2.50 |
|  U_clkgen/inst/clk_out1 | U_bridge/inst/gen_samd.crossbar_samd/gen_slave_slots[0].gen_si_read.si_transactor_ar/gen_single_thread.mux_resp_single_thread/gen_no_arbiter.m_valid_i_reg_inv  | U_bridge/inst/gen_samd.crossbar_samd/gen_master_slots[4].reg_slice_mi/r.r_pipe/aresetn_d_reg                     |                1 |              6 |         6.00 |
|  U_clkgen/inst/clk_out1 | U_uart/U_uart_converter/inst/gen_axilite.gen_b2s_conv.axilite_b2s/SI_REG/ar.ar_pipe/s_ready_i_reg_0                                                             |                                                                                                                  |                1 |              6 |         6.00 |
|  U_clkgen/inst/clk_out1 | U_uart/U_uart_converter/inst/gen_axilite.gen_b2s_conv.axilite_b2s/RD.ar_channel_0/ar_cmd_fsm_0/FSM_sequential_state_reg[1]_4[0]                                 |                                                                                                                  |                2 |              6 |         3.00 |
|  U_clkgen/inst/clk_out1 | U_cpu/U_dcache/dc_dev_rvalid_reg_0[0]                                                                                                                           | sys_rst_sync[1]                                                                                                  |                2 |              6 |         3.00 |
|  U_clkgen/inst/clk_out1 | U_bridge/inst/gen_samd.crossbar_samd/gen_slave_slots[0].gen_si_write.si_transactor_aw/gen_single_thread.mux_resp_single_thread/gen_no_arbiter.m_valid_i_reg_inv | U_bridge/inst/gen_samd.crossbar_samd/gen_master_slots[4].reg_slice_mi/b.b_pipe/aresetn_d_reg                     |                2 |              6 |         3.00 |
|  U_clkgen/inst/clk_out1 |                                                                                                                                                                 | U_uart/U_uart/U0/UARTLITE_CORE_I/UARTLITE_TX_I/SRL_FIFO_I/TX_FIFO_Reset                                          |                2 |              6 |         3.00 |
|  U_clkgen/inst/clk_out1 |                                                                                                                                                                 | U_uart/U_uart/U0/UARTLITE_CORE_I/UARTLITE_RX_I/SRL_FIFO_I/RX_FIFO_Reset                                          |                3 |              6 |         2.00 |
|  U_clkgen/inst/clk_out1 | U_cpu/U_core/U_ALU/op_r[4]_i_1_n_0                                                                                                                              | sys_rst_sync[1]                                                                                                  |                2 |              6 |         3.00 |
|  U_clkgen/inst/clk_out1 | U_uart/U_uart/U0/UARTLITE_CORE_I/BAUD_RATE_I/en_16x_Baud                                                                                                        | U_uart/U_uart/U0/UARTLITE_CORE_I/UARTLITE_RX_I/SERIAL_TO_PARALLEL[8].fifo_din[8]_i_1_n_0                         |                1 |              7 |         7.00 |
|  U_clkgen/inst/clk_out1 | U_bram/U0/inst_blk_mem_gen/gnbram.gaxibmg.axi_rd_sm/axi_read_fsm/E[0]                                                                                           |                                                                                                                  |                4 |              7 |         1.75 |
|  U_clkgen/inst/clk_out1 | U_uart/U_uart/U0/UARTLITE_CORE_I/UARTLITE_RX_I/SRL_FIFO_I/fifo_wr                                                                                               |                                                                                                                  |                1 |              8 |         8.00 |
|  U_clkgen/inst/clk_out1 | U_cpu/U_aximaster/read_beat[7]_i_1_n_0                                                                                                                          | sys_rst_sync[1]                                                                                                  |                3 |              8 |         2.67 |
|  U_clkgen/inst/clk_out1 | U_uart/U_uart_converter/inst/gen_axilite.gen_b2s_conv.axilite_b2s/WR.b_channel_0/mhandshake_r                                                                   | U_uart/U_uart_converter/inst/gen_axilite.gen_b2s_conv.axilite_b2s/WR.b_channel_0/bid_fifo_0/SR[0]                |                3 |              8 |         2.67 |
|  U_clkgen/inst/clk_out1 | U_uart/U_uart/U0/AXI_LITE_IPIF_I/I_SLAVE_ATTACHMENT/s_axi_rresp_i                                                                                               | U_uart/U_uart/U0/AXI_LITE_IPIF_I/I_SLAVE_ATTACHMENT/rst                                                          |                2 |              8 |         4.00 |
|  U_clkgen/inst/clk_out1 | U_display/U_display_converter/inst/gen_axilite.gen_b2s_conv.axilite_b2s/WR.b_channel_0/mhandshake_r                                                             | U_display/U_display_converter/inst/gen_axilite.gen_b2s_conv.axilite_b2s/WR.b_channel_0/bid_fifo_0/SR[0]          |                3 |              8 |         2.67 |
|  U_clkgen/inst/clk_out1 | U_uart/U_uart/U0/AXI_LITE_IPIF_I/I_SLAVE_ATTACHMENT/I_DECODER/fifo_wr                                                                                           |                                                                                                                  |                1 |              8 |         8.00 |
|  U_clkgen/inst/clk_out1 | U_uart/U_uart_converter/inst/gen_axilite.gen_b2s_conv.axilite_b2s/RD.r_channel_0/rd_data_fifo_0/wr_en0                                                          |                                                                                                                  |                3 |              8 |         2.67 |
|  U_clkgen/inst/clk_out1 | U_timer/U_timer_converter/inst/gen_axilite.gen_b2s_conv.axilite_b2s/WR.b_channel_0/mhandshake_r                                                                 | U_timer/U_timer_converter/inst/gen_axilite.gen_b2s_conv.axilite_b2s/WR.b_channel_0/bid_fifo_0/SR[0]              |                2 |              8 |         4.00 |
|  U_clkgen/inst/clk_out1 | U_led/U_led_converter/inst/gen_axilite.gen_b2s_conv.axilite_b2s/WR.b_channel_0/mhandshake_r                                                                     | U_led/U_led_converter/inst/gen_axilite.gen_b2s_conv.axilite_b2s/WR.b_channel_0/bid_fifo_0/SR[0]                  |                2 |              8 |         4.00 |
|  U_clkgen/inst/clk_out1 | U_bram/U0/inst_blk_mem_gen/gnbram.gaxibmg.axi_wr_fsm/axi_wr_fsm/E[0]                                                                                            | sys_rst_sync[1]                                                                                                  |                3 |              8 |         2.67 |
|  U_clkgen/inst/clk_out1 | U_bridge/inst/gen_samd.crossbar_samd/gen_decerr_slave.decerr_slave_inst/gen_axi.read_cnt[7]_i_1_n_0                                                             | U_bridge/inst/gen_samd.crossbar_samd/addr_arbiter_ar/SR[0]                                                       |                4 |              8 |         2.00 |
|  U_clkgen/inst/clk_out1 | U_switch/U_switch_converter/inst/gen_axilite.gen_b2s_conv.axilite_b2s/WR.b_channel_0/mhandshake_r                                                               | U_switch/U_switch_converter/inst/gen_axilite.gen_b2s_conv.axilite_b2s/WR.b_channel_0/bid_fifo_0/SR[0]            |                3 |              8 |         2.67 |
|  U_clkgen/inst/clk_out1 | U_bram/U0/inst_blk_mem_gen/gnbram.gaxibmg.axi_rd_sm/axi_read_fsm/gaxi_full_sm.arlen_cntr_reg[7][0]                                                              | sys_rst_sync[1]                                                                                                  |                5 |              8 |         1.60 |
|  U_clkgen/inst/clk_out1 | U_uart/U_uart_converter/inst/gen_axilite.gen_b2s_conv.axilite_b2s/SI_REG/r.r_pipe/p_1_in                                                                        |                                                                                                                  |                2 |              9 |         4.50 |
|  U_clkgen/inst/clk_out1 | U_uart/U_uart_converter/inst/gen_axilite.gen_b2s_conv.axilite_b2s/SI_REG/r.r_pipe/s_ready_i_reg_0                                                               |                                                                                                                  |                2 |              9 |         4.50 |
|  U_clkgen/inst/clk_out1 | U_uart/U_uart_converter/inst/gen_axilite.gen_b2s_conv.axilite_b2s/WR.aw_channel_0/aw_cmd_fsm_0/m_axi_awready_0[0]                                               |                                                                                                                  |                4 |              9 |         2.25 |
|  U_clkgen/inst/clk_out1 | U_timer/U_timer_converter/inst/gen_axilite.gen_b2s_conv.axilite_b2s/WR.aw_channel_0/aw_cmd_fsm_0/m_axi_awready_0[0]                                             |                                                                                                                  |                4 |              9 |         2.25 |
|  U_clkgen/inst/clk_out1 | U_uart/U_uart_converter/inst/gen_axilite.gen_b2s_conv.axilite_b2s/RD.ar_channel_0/ar_cmd_fsm_0/m_axi_arready_0[0]                                               |                                                                                                                  |                3 |              9 |         3.00 |
|  U_clkgen/inst/clk_out1 | U_timer/U_timer_converter/inst/gen_axilite.gen_b2s_conv.axilite_b2s/RD.ar_channel_0/ar_cmd_fsm_0/m_axi_arready_0[0]                                             |                                                                                                                  |                4 |              9 |         2.25 |
|  U_clkgen/inst/clk_out1 | U_bridge/inst/gen_samd.crossbar_samd/gen_slave_slots[0].gen_si_read.si_transactor_ar/s_axi_rready[0]_3[0]                                                       |                                                                                                                  |                2 |              9 |         4.50 |
|  U_clkgen/inst/clk_out1 | U_bridge/inst/gen_samd.crossbar_samd/gen_master_slots[4].reg_slice_mi/r.r_pipe/s_ready_i_reg_0                                                                  |                                                                                                                  |                3 |              9 |         3.00 |
|  U_clkgen/inst/clk_out1 | U_switch/U_switch_converter/inst/gen_axilite.gen_b2s_conv.axilite_b2s/RD.ar_channel_0/ar_cmd_fsm_0/m_axi_arready_0[0]                                           |                                                                                                                  |                4 |              9 |         2.25 |
|  U_clkgen/inst/clk_out1 | U_display/U_display_converter/inst/gen_axilite.gen_b2s_conv.axilite_b2s/WR.aw_channel_0/aw_cmd_fsm_0/m_axi_awready_0[0]                                         |                                                                                                                  |                4 |              9 |         2.25 |
|  U_clkgen/inst/clk_out1 | U_switch/U_switch_converter/inst/gen_axilite.gen_b2s_conv.axilite_b2s/WR.aw_channel_0/aw_cmd_fsm_0/m_axi_awready_0[0]                                           |                                                                                                                  |                4 |              9 |         2.25 |
|  U_clkgen/inst/clk_out1 | U_display/U_display_converter/inst/gen_axilite.gen_b2s_conv.axilite_b2s/RD.ar_channel_0/ar_cmd_fsm_0/m_axi_arready_0[0]                                         |                                                                                                                  |                4 |              9 |         2.25 |
|  U_clkgen/inst/clk_out1 | U_led/U_led_converter/inst/gen_axilite.gen_b2s_conv.axilite_b2s/RD.ar_channel_0/ar_cmd_fsm_0/m_axi_arready_0[0]                                                 |                                                                                                                  |                4 |              9 |         2.25 |
|  U_clkgen/inst/clk_out1 | U_led/U_led_converter/inst/gen_axilite.gen_b2s_conv.axilite_b2s/WR.aw_channel_0/aw_cmd_fsm_0/m_axi_awready_0[0]                                                 |                                                                                                                  |                4 |              9 |         2.25 |
|  U_clkgen/inst/clk_out1 |                                                                                                                                                                 | U_led/U_led_converter/inst/gen_axilite.gen_b2s_conv.axilite_b2s/areset_d1                                        |                4 |             10 |         2.50 |
|  U_clkgen/inst/clk_out1 |                                                                                                                                                                 | U_switch/U_switch_converter/inst/gen_axilite.gen_b2s_conv.axilite_b2s/areset_d1                                  |                5 |             10 |         2.00 |
|  U_clkgen/inst/clk_out1 |                                                                                                                                                                 | U_uart/U_uart/U0/AXI_LITE_IPIF_I/I_SLAVE_ATTACHMENT/rst                                                          |                3 |             10 |         3.33 |
|  U_clkgen/inst/clk_out1 |                                                                                                                                                                 | U_uart/U_uart_converter/inst/gen_axilite.gen_b2s_conv.axilite_b2s/areset_d1                                      |                4 |             10 |         2.50 |
|  U_clkgen/inst/clk_out1 |                                                                                                                                                                 | U_timer/U_timer_converter/inst/gen_axilite.gen_b2s_conv.axilite_b2s/areset_d1                                    |                3 |             10 |         3.33 |
|  U_clkgen/inst/clk_out1 |                                                                                                                                                                 | U_display/U_display_converter/inst/gen_axilite.gen_b2s_conv.axilite_b2s/areset_d1                                |                5 |             10 |         2.00 |
|  U_clkgen/inst/clk_out1 | U_bridge/inst/gen_samd.crossbar_samd/addr_arbiter_ar/E[0]                                                                                                       | U_bridge/inst/gen_samd.crossbar_samd/addr_arbiter_ar/SR[0]                                                       |                3 |             10 |         3.33 |
|  U_clkgen/inst/clk_out1 | U_bridge/inst/gen_samd.crossbar_samd/gen_slave_slots[0].gen_si_write.splitter_aw_si/E[0]                                                                        | U_bridge/inst/gen_samd.crossbar_samd/addr_arbiter_ar/SR[0]                                                       |                4 |             10 |         2.50 |
|  U_clkgen/inst/clk_out1 | U_switch/U_switch_converter/inst/gen_axilite.gen_b2s_conv.axilite_b2s/RD.ar_channel_0/ar_cmd_fsm_0/E[0]                                                         |                                                                                                                  |                2 |             12 |         6.00 |
|  U_clkgen/inst/clk_out1 | U_timer/U_timer_converter/inst/gen_axilite.gen_b2s_conv.axilite_b2s/WR.aw_channel_0/aw_cmd_fsm_0/m_valid_i_reg[0]                                               |                                                                                                                  |                2 |             12 |         6.00 |
|  U_clkgen/inst/clk_out1 | U_display/U_display_converter/inst/gen_axilite.gen_b2s_conv.axilite_b2s/SI_REG/aw.aw_pipe/s_ready_i_reg_0                                                       |                                                                                                                  |                3 |             12 |         4.00 |
|  U_clkgen/inst/clk_out1 | U_display/U_display_converter/inst/gen_axilite.gen_b2s_conv.axilite_b2s/RD.ar_channel_0/ar_cmd_fsm_0/E[0]                                                       |                                                                                                                  |                3 |             12 |         4.00 |
|  U_clkgen/inst/clk_out1 | U_led/U_led_converter/inst/gen_axilite.gen_b2s_conv.axilite_b2s/RD.ar_channel_0/ar_cmd_fsm_0/E[0]                                                               |                                                                                                                  |                3 |             12 |         4.00 |
|  U_clkgen/inst/clk_out1 | U_switch/U_switch_converter/inst/gen_axilite.gen_b2s_conv.axilite_b2s/WR.aw_channel_0/cmd_translator_0/incr_cmd_0/axaddr_incr[11]_i_1_n_0                       |                                                                                                                  |                2 |             12 |         6.00 |
|  U_clkgen/inst/clk_out1 | U_switch/U_switch_converter/inst/gen_axilite.gen_b2s_conv.axilite_b2s/WR.aw_channel_0/aw_cmd_fsm_0/m_valid_i_reg[0]                                             |                                                                                                                  |                2 |             12 |         6.00 |
|  U_clkgen/inst/clk_out1 | U_display/U_display_converter/inst/gen_axilite.gen_b2s_conv.axilite_b2s/WR.aw_channel_0/cmd_translator_0/incr_cmd_0/axaddr_incr[11]_i_1_n_0                     |                                                                                                                  |                3 |             12 |         4.00 |
|  U_clkgen/inst/clk_out1 | U_switch/U_switch_converter/inst/gen_axilite.gen_b2s_conv.axilite_b2s/SI_REG/aw.aw_pipe/s_ready_i_reg_0                                                         |                                                                                                                  |                3 |             12 |         4.00 |
|  U_clkgen/inst/clk_out1 | U_timer/U_timer_converter/inst/gen_axilite.gen_b2s_conv.axilite_b2s/WR.aw_channel_0/cmd_translator_0/incr_cmd_0/axaddr_incr[11]_i_1_n_0                         |                                                                                                                  |                2 |             12 |         6.00 |
|  U_clkgen/inst/clk_out1 | U_display/U_display_converter/inst/gen_axilite.gen_b2s_conv.axilite_b2s/WR.aw_channel_0/aw_cmd_fsm_0/m_valid_i_reg[0]                                           |                                                                                                                  |                2 |             12 |         6.00 |
|  U_clkgen/inst/clk_out1 | U_led/U_led_converter/inst/gen_axilite.gen_b2s_conv.axilite_b2s/WR.aw_channel_0/cmd_translator_0/incr_cmd_0/axaddr_incr[11]_i_1_n_0                             |                                                                                                                  |                2 |             12 |         6.00 |
|  U_clkgen/inst/clk_out1 | U_led/U_led_converter/inst/gen_axilite.gen_b2s_conv.axilite_b2s/WR.aw_channel_0/aw_cmd_fsm_0/m_valid_i_reg[0]                                                   |                                                                                                                  |                3 |             12 |         4.00 |
|  U_clkgen/inst/clk_out1 | U_timer/U_timer_converter/inst/gen_axilite.gen_b2s_conv.axilite_b2s/RD.ar_channel_0/ar_cmd_fsm_0/E[0]                                                           |                                                                                                                  |                3 |             12 |         4.00 |
|  U_clkgen/inst/clk_out1 | U_led/U_led_converter/inst/gen_axilite.gen_b2s_conv.axilite_b2s/SI_REG/aw.aw_pipe/s_ready_i_reg_0                                                               |                                                                                                                  |                2 |             12 |         6.00 |
|  U_clkgen/inst/clk_out1 | U_timer/U_timer_converter/inst/gen_axilite.gen_b2s_conv.axilite_b2s/SI_REG/aw.aw_pipe/s_ready_i_reg_0                                                           |                                                                                                                  |                4 |             12 |         3.00 |
|  U_clkgen/inst/clk_out1 |                                                                                                                                                                 | U_bridge/inst/gen_samd.crossbar_samd/gen_master_slots[5].reg_slice_mi/b.b_pipe/p_1_in                            |                7 |             14 |         2.00 |
|  U_clkgen/inst/clk_out1 | U_display/U_display_converter/inst/gen_axilite.gen_b2s_conv.axilite_b2s/RD.ar_channel_0/ar_cmd_fsm_0/FSM_sequential_state_reg[1]_4[0]                           |                                                                                                                  |                3 |             14 |         4.67 |
|  U_clkgen/inst/clk_out1 | U_led/U_led_converter/inst/gen_axilite.gen_b2s_conv.axilite_b2s/RD.ar_channel_0/ar_cmd_fsm_0/FSM_sequential_state_reg[1]_4[0]                                   |                                                                                                                  |                4 |             14 |         3.50 |
|  U_clkgen/inst/clk_out1 | U_switch/U_switch_converter/inst/gen_axilite.gen_b2s_conv.axilite_b2s/RD.ar_channel_0/ar_cmd_fsm_0/FSM_sequential_state_reg[1]_4[0]                             |                                                                                                                  |                4 |             14 |         3.50 |
|  U_clkgen/inst/clk_out1 | U_timer/U_timer_converter/inst/gen_axilite.gen_b2s_conv.axilite_b2s/RD.ar_channel_0/ar_cmd_fsm_0/FSM_sequential_state_reg[1]_4[0]                               |                                                                                                                  |                4 |             14 |         3.50 |
|  U_clkgen/inst/clk_out1 | U_switch/U_switch_converter/inst/gen_axilite.gen_b2s_conv.axilite_b2s/SI_REG/ar.ar_pipe/s_ready_i_reg_0                                                         |                                                                                                                  |                2 |             14 |         7.00 |
|  U_clkgen/inst/clk_out1 | U_led/U_led_converter/inst/gen_axilite.gen_b2s_conv.axilite_b2s/SI_REG/ar.ar_pipe/s_ready_i_reg_0                                                               |                                                                                                                  |                6 |             14 |         2.33 |
|  U_clkgen/inst/clk_out1 | U_display/U_display_converter/inst/gen_axilite.gen_b2s_conv.axilite_b2s/SI_REG/ar.ar_pipe/s_ready_i_reg_0                                                       |                                                                                                                  |                4 |             14 |         3.50 |
|  U_clkgen/inst/clk_out1 | U_timer/U_timer_converter/inst/gen_axilite.gen_b2s_conv.axilite_b2s/SI_REG/ar.ar_pipe/s_ready_i_reg_0                                                           |                                                                                                                  |                4 |             14 |         3.50 |
|  U_clkgen/inst/clk_out1 |                                                                                                                                                                 | U_bridge/inst/gen_samd.crossbar_samd/gen_master_slots[5].reg_slice_mi/b.b_pipe/p_0_in                            |                5 |             14 |         2.80 |
|  U_clkgen/inst/clk_out1 |                                                                                                                                                                 | U_switch/U_switch_gpio/U0/AXI_LITE_IPIF_I/I_SLAVE_ATTACHMENT/I_DECODER/bus2ip_rnw_i_reg                          |                6 |             16 |         2.67 |
|  U_clkgen/inst/clk_out1 | U_switch/U_switch_gpio/U0/AXI_LITE_IPIF_I/I_SLAVE_ATTACHMENT/I_DECODER/E[0]                                                                                     | U_switch/U_switch_gpio/U0/AXI_LITE_IPIF_I/I_SLAVE_ATTACHMENT/SR[0]                                               |                4 |             16 |         4.00 |
|  U_clkgen/inst/clk_out1 |                                                                                                                                                                 | U_led/U_led_gpio/U0/gpio_core_1/reg1[31]                                                                         |                3 |             16 |         5.33 |
|  U_clkgen/inst/clk_out1 | U_led/U_led_gpio/U0/AXI_LITE_IPIF_I/I_SLAVE_ATTACHMENT/s_axi_rresp_i                                                                                            | U_led/U_led_gpio/U0/AXI_LITE_IPIF_I/I_SLAVE_ATTACHMENT/SR[0]                                                     |                3 |             17 |         5.67 |
|  U_clkgen/inst/clk_out1 | U_switch/U_switch_gpio/U0/AXI_LITE_IPIF_I/I_SLAVE_ATTACHMENT/s_axi_rresp_i                                                                                      | U_switch/U_switch_gpio/U0/AXI_LITE_IPIF_I/I_SLAVE_ATTACHMENT/SR[0]                                               |                7 |             17 |         2.43 |
|  U_clkgen/inst/clk_out1 | U_bridge/inst/gen_samd.crossbar_samd/addr_arbiter_aw/p_1_in                                                                                                     | U_bridge/inst/gen_samd.crossbar_samd/addr_arbiter_ar/SR[0]                                                       |                4 |             18 |         4.50 |
|  U_clkgen/inst/clk_out1 | U_bram/U0/inst_blk_mem_gen/gnbram.gaxibmg.axi_rd_sm/axi_read_fsm/s_axi_arvalid_1[0]                                                                             | sys_rst_sync[1]                                                                                                  |               14 |             19 |         1.36 |
|  U_clkgen/inst/clk_out1 | U_bram/U0/inst_blk_mem_gen/gnbram.gaxibmg.axi_wr_fsm/axi_wr_fsm/FSM_sequential_gaxi_full_sm.present_state_reg[1]_0[0]                                           | sys_rst_sync[1]                                                                                                  |               11 |             19 |         1.73 |
|  U_clkgen/inst/clk_out1 | U_bridge/inst/gen_samd.crossbar_samd/addr_arbiter_ar/p_1_in                                                                                                     | U_bridge/inst/gen_samd.crossbar_samd/addr_arbiter_ar/SR[0]                                                       |                6 |             20 |         3.33 |
|  U_clkgen/inst/clk_out1 | U_uart/U_uart/U0/UARTLITE_CORE_I/BAUD_RATE_I/en_16x_Baud                                                                                                        | sys_rst_sync[1]                                                                                                  |                5 |             28 |         5.60 |
|  U_clkgen/inst/clk_out1 | U_cpu/U_icache/cpu_raddr[31]_i_1__0_n_0                                                                                                                         | sys_rst_sync[1]                                                                                                  |                6 |             28 |         4.67 |
|  U_clkgen/inst/clk_out1 |                                                                                                                                                                 | U_led/U_led_gpio/U0/AXI_LITE_IPIF_I/I_SLAVE_ATTACHMENT/SR[0]                                                     |                9 |             32 |         3.56 |
|  U_clkgen/inst/clk_out1 | U_display/U_display_gpio/U0/AXI_LITE_IPIF_I/I_SLAVE_ATTACHMENT/s_axi_rresp_i                                                                                    | U_display/U_display_gpio/U0/AXI_LITE_IPIF_I/I_SLAVE_ATTACHMENT/SR[0]                                             |                9 |             32 |         3.56 |
|  U_clkgen/inst/clk_out1 | U_led/U_led_gpio/U0/AXI_LITE_IPIF_I/I_SLAVE_ATTACHMENT/I_DECODER/E[0]                                                                                           | U_led/U_led_gpio/U0/AXI_LITE_IPIF_I/I_SLAVE_ATTACHMENT/SR[0]                                                     |                5 |             32 |         6.40 |
|  U_clkgen/inst/clk_out1 | U_cpu/U_aximaster/ic_dev_rdata[127]_i_1_n_0                                                                                                                     | sys_rst_sync[1]                                                                                                  |               11 |             32 |         2.91 |
|  U_clkgen/inst/clk_out1 | U_cpu/U_aximaster/dc_dev_rdata[31]_i_1_n_0                                                                                                                      | sys_rst_sync[1]                                                                                                  |                9 |             32 |         3.56 |
|  U_clkgen/inst/clk_out1 | U_timer/U_timer_converter/inst/gen_axilite.gen_b2s_conv.axilite_b2s/RD.r_channel_0/rd_data_fifo_0/wr_en0                                                        |                                                                                                                  |                9 |             32 |         3.56 |
|  U_clkgen/inst/clk_out1 | U_cpu/U_core/U_ALU/U_mulu/multiplicand[31]_i_1_n_0                                                                                                              | sys_rst_sync[1]                                                                                                  |               10 |             32 |         3.20 |
|  U_clkgen/inst/clk_out1 | U_cpu/U_aximaster/dc_dev_rdata[95]_i_1_n_0                                                                                                                      | sys_rst_sync[1]                                                                                                  |               11 |             32 |         2.91 |
|  U_clkgen/inst/clk_out1 | U_cpu/U_aximaster/dc_dev_rdata[63]_i_1_n_0                                                                                                                      | sys_rst_sync[1]                                                                                                  |               10 |             32 |         3.20 |
|  U_clkgen/inst/clk_out1 | U_cpu/U_aximaster/dc_dev_rdata[127]_i_1_n_0                                                                                                                     | sys_rst_sync[1]                                                                                                  |                9 |             32 |         3.56 |
|  U_clkgen/inst/clk_out1 | U_cpu/U_aximaster/m_axi_arlen[1]_i_1_n_0                                                                                                                        | sys_rst_sync[1]                                                                                                  |                7 |             32 |         4.57 |
|  U_clkgen/inst/clk_out1 | U_cpu/U_aximaster/ic_dev_rdata[31]_i_1_n_0                                                                                                                      | sys_rst_sync[1]                                                                                                  |               12 |             32 |         2.67 |
|  U_clkgen/inst/clk_out1 | U_cpu/U_core/U_ALU/U_mul/start_rise                                                                                                                             | sys_rst_sync[1]                                                                                                  |               12 |             32 |         2.67 |
|  U_clkgen/inst/clk_out1 | U_cpu/U_core/U_ALU/U_divu/discard_fetch_reg[0]                                                                                                                  | sys_rst_sync[1]                                                                                                  |               23 |             32 |         1.39 |
|  U_clkgen/inst/clk_out1 | U_cpu/U_core/U_ALU/U_divu/start_rise                                                                                                                            | sys_rst_sync[1]                                                                                                  |                8 |             32 |         4.00 |
|  U_clkgen/inst/clk_out1 | U_cpu/U_aximaster/ic_dev_rdata[95]_i_1_n_0                                                                                                                      | sys_rst_sync[1]                                                                                                  |                6 |             32 |         5.33 |
|  U_clkgen/inst/clk_out1 | U_switch/U_switch_converter/inst/gen_axilite.gen_b2s_conv.axilite_b2s/RD.r_channel_0/rd_data_fifo_0/wr_en0                                                      |                                                                                                                  |                9 |             32 |         3.56 |
|  U_clkgen/inst/clk_out1 | U_cpu/U_core/U_ALU/U_divu/mul_div_stall_d_reg_0                                                                                                                 | sys_rst_sync[1]                                                                                                  |                8 |             32 |         4.00 |
|  U_clkgen/inst/clk_out1 | U_led/U_led_converter/inst/gen_axilite.gen_b2s_conv.axilite_b2s/RD.r_channel_0/rd_data_fifo_0/wr_en0                                                            |                                                                                                                  |                9 |             32 |         3.56 |
|  U_clkgen/inst/clk_out1 |                                                                                                                                                                 | U_switch/U_switch_gpio/U0/AXI_LITE_IPIF_I/I_SLAVE_ATTACHMENT/SR[0]                                               |               11 |             32 |         2.91 |
|  U_clkgen/inst/clk_out1 | U_display/U_display_gpio/U0/AXI_LITE_IPIF_I/I_SLAVE_ATTACHMENT/I_DECODER/E[0]                                                                                   | U_display/U_display_gpio/U0/AXI_LITE_IPIF_I/I_SLAVE_ATTACHMENT/SR[0]                                             |                9 |             32 |         3.56 |
|  U_clkgen/inst/clk_out1 | U_cpu/U_aximaster/ic_dev_rdata[63]_i_1_n_0                                                                                                                      | sys_rst_sync[1]                                                                                                  |                9 |             32 |         3.56 |
|  U_clkgen/inst/clk_out1 | U_cpu/U_core/U_ALU/U_div/start_rise                                                                                                                             | sys_rst_sync[1]                                                                                                  |               12 |             32 |         2.67 |
|  U_clkgen/inst/clk_out1 | U_display/U_display_converter/inst/gen_axilite.gen_b2s_conv.axilite_b2s/RD.r_channel_0/rd_data_fifo_0/wr_en0                                                    |                                                                                                                  |                9 |             32 |         3.56 |
|  U_clkgen/inst/clk_out1 | U_cpu/U_dcache/FSM_onehot_r_state_reg[1]_0[0]                                                                                                                   | sys_rst_sync[1]                                                                                                  |               25 |             32 |         1.28 |
|  U_clkgen/inst/clk_out1 | U_timer/U_timer/U0/AXI_LITE_IPIF_I/I_SLAVE_ATTACHMENT/s_axi_rresp_i                                                                                             | U_timer/U_timer/U0/AXI_LITE_IPIF_I/I_SLAVE_ATTACHMENT/SR[0]                                                      |                5 |             32 |         6.40 |
|  U_clkgen/inst/clk_out1 | U_timer/U_timer/U0/AXI_LITE_IPIF_I/I_SLAVE_ATTACHMENT/I_DECODER/bus2ip_rnw_i_reg[0]                                                                             | U_timer/U_timer/U0/AXI_LITE_IPIF_I/I_SLAVE_ATTACHMENT/SR[0]                                                      |                8 |             32 |         4.00 |
|  U_clkgen/inst/clk_out1 | U_timer/U_timer/U0/AXI_LITE_IPIF_I/I_SLAVE_ATTACHMENT/I_DECODER/E[0]                                                                                            | U_timer/U_timer/U0/AXI_LITE_IPIF_I/I_SLAVE_ATTACHMENT/SR[0]                                                      |               10 |             32 |         3.20 |
|  U_clkgen/inst/clk_out1 |                                                                                                                                                                 | U_display/U_display_gpio/U0/gpio_core_1/Read_Reg_Rst__0                                                          |                6 |             32 |         5.33 |
|  U_clkgen/inst/clk_out1 | U_bridge/inst/gen_samd.crossbar_samd/gen_master_slots[5].reg_slice_mi/r.r_pipe/s_ready_i_reg_0                                                                  |                                                                                                                  |                8 |             33 |         4.12 |
|  U_clkgen/inst/clk_out1 | U_bridge/inst/gen_samd.crossbar_samd/gen_master_slots[1].reg_slice_mi/r.r_pipe/s_ready_i_reg_0                                                                  |                                                                                                                  |                7 |             33 |         4.71 |
|  U_clkgen/inst/clk_out1 | U_bridge/inst/gen_samd.crossbar_samd/gen_slave_slots[0].gen_si_read.si_transactor_ar/s_axi_rready[0][0]                                                         |                                                                                                                  |               12 |             33 |         2.75 |
|  U_clkgen/inst/clk_out1 | U_switch/U_switch_converter/inst/gen_axilite.gen_b2s_conv.axilite_b2s/SI_REG/r.r_pipe/p_1_in                                                                    |                                                                                                                  |                6 |             33 |         5.50 |
|  U_clkgen/inst/clk_out1 | U_display/U_display_converter/inst/gen_axilite.gen_b2s_conv.axilite_b2s/SI_REG/r.r_pipe/p_1_in                                                                  |                                                                                                                  |                6 |             33 |         5.50 |
|  U_clkgen/inst/clk_out1 | U_bridge/inst/gen_samd.crossbar_samd/gen_slave_slots[0].gen_si_read.si_transactor_ar/s_axi_rready[0]_2[0]                                                       |                                                                                                                  |                7 |             33 |         4.71 |
|  U_clkgen/inst/clk_out1 | U_bridge/inst/gen_samd.crossbar_samd/gen_master_slots[3].reg_slice_mi/r.r_pipe/s_ready_i_reg_0                                                                  |                                                                                                                  |                9 |             33 |         3.67 |
|  U_clkgen/inst/clk_out1 | U_bridge/inst/gen_samd.crossbar_samd/gen_slave_slots[0].gen_si_read.si_transactor_ar/s_axi_rready[0]_4[0]                                                       |                                                                                                                  |                9 |             33 |         3.67 |
|  U_clkgen/inst/clk_out1 | U_display/U_display_converter/inst/gen_axilite.gen_b2s_conv.axilite_b2s/SI_REG/r.r_pipe/s_ready_i_reg_0                                                         |                                                                                                                  |                7 |             33 |         4.71 |
|  U_clkgen/inst/clk_out1 | U_timer/U_timer_converter/inst/gen_axilite.gen_b2s_conv.axilite_b2s/SI_REG/r.r_pipe/s_ready_i_reg_0                                                             |                                                                                                                  |                7 |             33 |         4.71 |
|  U_clkgen/inst/clk_out1 | U_timer/U_timer_converter/inst/gen_axilite.gen_b2s_conv.axilite_b2s/SI_REG/r.r_pipe/p_1_in                                                                      |                                                                                                                  |                5 |             33 |         6.60 |
|  U_clkgen/inst/clk_out1 | U_led/U_led_converter/inst/gen_axilite.gen_b2s_conv.axilite_b2s/SI_REG/r.r_pipe/s_ready_i_reg_0                                                                 |                                                                                                                  |                6 |             33 |         5.50 |
|  U_clkgen/inst/clk_out1 | U_led/U_led_converter/inst/gen_axilite.gen_b2s_conv.axilite_b2s/SI_REG/r.r_pipe/p_1_in                                                                          |                                                                                                                  |                5 |             33 |         6.60 |
|  U_clkgen/inst/clk_out1 | U_switch/U_switch_converter/inst/gen_axilite.gen_b2s_conv.axilite_b2s/SI_REG/r.r_pipe/s_ready_i_reg_0                                                           |                                                                                                                  |                8 |             33 |         4.12 |
|  U_clkgen/inst/clk_out1 | U_bridge/inst/gen_samd.crossbar_samd/gen_master_slots[2].reg_slice_mi/r.r_pipe/s_ready_i_reg_0                                                                  |                                                                                                                  |                8 |             33 |         4.12 |
|  U_clkgen/inst/clk_out1 | U_bridge/inst/gen_samd.crossbar_samd/gen_master_slots[0].reg_slice_mi/r.r_pipe/s_ready_i_reg_0                                                                  |                                                                                                                  |               11 |             33 |         3.00 |
|  U_clkgen/inst/clk_out1 | U_bridge/inst/gen_samd.crossbar_samd/gen_slave_slots[0].gen_si_read.si_transactor_ar/s_axi_rready[0]_1[0]                                                       |                                                                                                                  |                9 |             33 |         3.67 |
|  U_clkgen/inst/clk_out1 | U_bridge/inst/gen_samd.crossbar_samd/gen_slave_slots[0].gen_si_read.si_transactor_ar/s_axi_rready[0]_0[0]                                                       |                                                                                                                  |                5 |             33 |         6.60 |
|  U_clkgen/inst/clk_out1 |                                                                                                                                                                 | U_display/U_display_gpio/U0/AXI_LITE_IPIF_I/I_SLAVE_ATTACHMENT/SR[0]                                             |               16 |             47 |         2.94 |
|  U_clkgen/inst/clk_out1 |                                                                                                                                                                 | U_timer/U_timer/U0/AXI_LITE_IPIF_I/I_SLAVE_ATTACHMENT/SR[0]                                                      |               18 |             47 |         2.61 |
|  U_clkgen/inst/clk_out1 | U_cpu/U_core/U_ALU/U_divu/mul_div_entering_reg                                                                                                                  | sys_rst_sync[1]                                                                                                  |               22 |             53 |         2.41 |
|  U_clkgen/inst/clk_out1 |                                                                                                                                                                 | U_bridge/inst/gen_samd.crossbar_samd/addr_arbiter_ar/SR[0]                                                       |               27 |             55 |         2.04 |
|  U_clkgen/inst/clk_out1 | U_cpu/U_core/FSM_onehot_r_state_reg[0][0]                                                                                                                       | sys_rst_sync[1]                                                                                                  |               20 |             58 |         2.90 |
|  U_clkgen/inst/clk_out1 | U_cpu/U_core/U_ALU/U_divu/fetch_pending_reg[0]                                                                                                                  | sys_rst_sync[1]                                                                                                  |               29 |             64 |         2.21 |
|  U_clkgen/inst/clk_out1 | U_cpu/U_core/U_ALU/U_mul/p_7_in                                                                                                                                 | sys_rst_sync[1]                                                                                                  |               22 |             64 |         2.91 |
|  U_clkgen/inst/clk_out1 |                                                                                                                                                                 | U_timer/U_timer/U0/AXI_LITE_IPIF_I/I_SLAVE_ATTACHMENT/I_DECODER/bus2ip_rnw_i_reg_0                               |               24 |             64 |         2.67 |
|  U_clkgen/inst/clk_out1 | U_cpu/U_core/U_ALU/U_divu/E[0]                                                                                                                                  | sys_rst_sync[1]                                                                                                  |               12 |             65 |         5.42 |
|  U_clkgen/inst/clk_out1 | U_cpu/U_dcache/cpu_wen_reg[2]_0[0]                                                                                                                              | sys_rst_sync[1]                                                                                                  |               16 |             66 |         4.12 |
|  U_clkgen/inst/clk_out1 | U_cpu/U_dcache/wen_r[3]_i_1_n_0                                                                                                                                 | sys_rst_sync[1]                                                                                                  |               22 |             66 |         3.00 |
|  U_clkgen/inst/clk_out1 | U_cpu/U_core/U_ALU/U_mul/product_lo                                                                                                                             | sys_rst_sync[1]                                                                                                  |               25 |             70 |         2.80 |
|  U_clkgen/inst/clk_out1 | U_cpu/U_core/U_ALU/U_div/quotient                                                                                                                               | sys_rst_sync[1]                                                                                                  |               24 |             70 |         2.92 |
|  U_clkgen/inst/clk_out1 | U_cpu/U_core/U_ALU/U_divu/quotient                                                                                                                              | sys_rst_sync[1]                                                                                                  |               28 |             71 |         2.54 |
|  U_clkgen/inst/clk_out1 | U_cpu/U_core/U_ALU/U_mulu/count[5]_i_1__1_n_0                                                                                                                   | sys_rst_sync[1]                                                                                                  |               21 |             71 |         3.38 |
|  U_clkgen/inst/clk_out1 | U_cpu/U_core/U_RF/p_0_in                                                                                                                                        |                                                                                                                  |               11 |             88 |         8.00 |
|  U_clkgen/inst/clk_out1 | U_cpu/U_dcache/dc_dev_rvalid_reg_1[0]                                                                                                                           | sys_rst_sync[1]                                                                                                  |               42 |            106 |         2.52 |
|  U_clkgen/inst/clk_out1 | U_cpu/U_core/U_ALU/U_divu/dc_dev_rvalid_reg_0[0]                                                                                                                | sys_rst_sync[1]                                                                                                  |               54 |            135 |         2.50 |
|  U_clkgen/inst/clk_out1 | U_cpu/U_core/U_ALU/U_divu/mul_div_entering_reg_1[0]                                                                                                             | sys_rst_sync[1]                                                                                                  |               54 |            143 |         2.65 |
|  U_clkgen/inst/clk_out1 |                                                                                                                                                                 | sys_rst_sync[1]                                                                                                  |               56 |            163 |         2.91 |
|  U_clkgen/inst/clk_out1 |                                                                                                                                                                 |                                                                                                                  |              148 |            495 |         3.34 |
+-------------------------+-----------------------------------------------------------------------------------------------------------------------------------------------------------------+------------------------------------------------------------------------------------------------------------------+------------------+----------------+--------------+


