#-----------------------------------------------------------
# Vivado v2025.1 (64-bit)
# SW Build 6140274 on Thu May 22 00:12:29 MDT 2025
# IP Build 6138677 on Thu May 22 03:10:11 MDT 2025
# SharedData Build 6139179 on Tue May 20 17:58:58 MDT 2025
# Start of session at: Fri Jul 31 17:50:58 2026
# Process ID         : 32272
# Current directory  : D:/cpu-design/miniRV-with-SoC/miniRV.runs/bram_axi_synth_1
# Command line       : vivado.exe -log bram_axi.vds -product Vivado -mode batch -messageDb vivado.pb -notrace -source bram_axi.tcl
# Log file           : D:/cpu-design/miniRV-with-SoC/miniRV.runs/bram_axi_synth_1/bram_axi.vds
# Journal file       : D:/cpu-design/miniRV-with-SoC/miniRV.runs/bram_axi_synth_1\vivado.jou
# Running On         : LAPTOP-1C1u4O
# Platform           : Windows Server 2016 or Windows 10
# Operating System   : 26200
# Processor Detail   : Intel(R) Core(TM) Ultra 5 125H
# CPU Frequency      : 2995 MHz
# CPU Physical cores : 14
# CPU Logical cores  : 18
# Host memory        : 33945 MB
# Swap memory        : 6180 MB
# Total Virtual      : 40126 MB
# Available Virtual  : 5383 MB
#-----------------------------------------------------------
source bram_axi.tcl -notrace
