INFO: [VRFC 10-2263] Analyzing Verilog file "D:/cpu-design/miniRV/src/rtl/ip/DRAM/sim/DRAM.v" into library xil_defaultlib
INFO: [VRFC 10-311] analyzing module DRAM
INFO: [VRFC 10-2263] Analyzing Verilog file "D:/cpu-design/miniRV/src/rtl/ip/IROM/sim/IROM.v" into library xil_defaultlib
INFO: [VRFC 10-311] analyzing module IROM
INFO: [VRFC 10-2263] Analyzing Verilog file "D:/cpu-design/miniRV/miniRV.gen/sources_1/ip/clk_wiz_0/clk_wiz_0_clk_wiz.v" into library xil_defaultlib
INFO: [VRFC 10-311] analyzing module clk_wiz_0_clk_wiz
INFO: [VRFC 10-2263] Analyzing Verilog file "D:/cpu-design/miniRV/miniRV.gen/sources_1/ip/clk_wiz_0/clk_wiz_0.v" into library xil_defaultlib
INFO: [VRFC 10-311] analyzing module clk_wiz_0
INFO: [VRFC 10-2263] Analyzing Verilog file "D:/cpu-design/miniRV/src/rtl/ALU.v" into library xil_defaultlib
INFO: [VRFC 10-311] analyzing module ALU
WARNING: [VRFC 10-3380] identifier 'a_latched' is used before its declaration [D:/cpu-design/miniRV/src/rtl/ALU.v:44]
WARNING: [VRFC 10-3380] identifier 'b_latched' is used before its declaration [D:/cpu-design/miniRV/src/rtl/ALU.v:45]
INFO: [VRFC 10-2263] Analyzing Verilog file "D:/cpu-design/miniRV/src/rtl/Controller.v" into library xil_defaultlib
INFO: [VRFC 10-311] analyzing module Controller
INFO: [VRFC 10-2263] Analyzing Verilog file "D:/cpu-design/miniRV/src/rtl/Data_RAM.v" into library xil_defaultlib
INFO: [VRFC 10-311] analyzing module Data_RAM
INFO: [VRFC 10-2263] Analyzing Verilog file "D:/cpu-design/miniRV/src/rtl/ForwardingUnit.v" into library xil_defaultlib
INFO: [VRFC 10-311] analyzing module ForwardingUnit
INFO: [VRFC 10-2263] Analyzing Verilog file "D:/cpu-design/miniRV/src/rtl/Inst_ROM.v" into library xil_defaultlib
INFO: [VRFC 10-311] analyzing module Inst_ROM
INFO: [VRFC 10-2263] Analyzing Verilog file "D:/cpu-design/miniRV/src/rtl/MEXT.v" into library xil_defaultlib
INFO: [VRFC 10-311] analyzing module MEXT
INFO: [VRFC 10-2263] Analyzing Verilog file "D:/cpu-design/miniRV/src/rtl/MREQ.v" into library xil_defaultlib
INFO: [VRFC 10-311] analyzing module MREQ
INFO: [VRFC 10-2263] Analyzing Verilog file "D:/cpu-design/miniRV/src/rtl/RF.v" into library xil_defaultlib
INFO: [VRFC 10-311] analyzing module RF
INFO: [VRFC 10-2263] Analyzing Verilog file "D:/cpu-design/miniRV/src/rtl/SEXT.v" into library xil_defaultlib
INFO: [VRFC 10-311] analyzing module SEXT
INFO: [VRFC 10-2263] Analyzing Verilog file "D:/cpu-design/miniRV/src/rtl/cpu_core.v" into library xil_defaultlib
INFO: [VRFC 10-311] analyzing module cpu_core
WARNING: [VRFC 10-2938] 'ex_mem_rf_we' is already implicitly declared on line 350 [D:/cpu-design/miniRV/src/rtl/cpu_core.v:428]
WARNING: [VRFC 10-2938] 'ex_mem_rd' is already implicitly declared on line 349 [D:/cpu-design/miniRV/src/rtl/cpu_core.v:432]
WARNING: [VRFC 10-2938] 'mem_wb_rf_we' is already implicitly declared on line 352 [D:/cpu-design/miniRV/src/rtl/cpu_core.v:504]
WARNING: [VRFC 10-2938] 'mem_wb_rd' is already implicitly declared on line 351 [D:/cpu-design/miniRV/src/rtl/cpu_core.v:506]
WARNING: [VRFC 10-2938] 'wb_rf_we' is already implicitly declared on line 167 [D:/cpu-design/miniRV/src/rtl/cpu_core.v:564]
WARNING: [VRFC 10-2938] 'wb_rf_wR' is already implicitly declared on line 168 [D:/cpu-design/miniRV/src/rtl/cpu_core.v:565]
WARNING: [VRFC 10-2938] 'wb_rf_wD' is already implicitly declared on line 169 [D:/cpu-design/miniRV/src/rtl/cpu_core.v:566]
WARNING: [VRFC 10-3380] identifier 'flush_f' is used before its declaration [D:/cpu-design/miniRV/src/rtl/cpu_core.v:48]
WARNING: [VRFC 10-3380] identifier 'load_use_stall' is used before its declaration [D:/cpu-design/miniRV/src/rtl/cpu_core.v:56]
WARNING: [VRFC 10-3380] identifier 'stall_f' is used before its declaration [D:/cpu-design/miniRV/src/rtl/cpu_core.v:72]
WARNING: [VRFC 10-3380] identifier 'stall_f' is used before its declaration [D:/cpu-design/miniRV/src/rtl/cpu_core.v:73]
WARNING: [VRFC 10-3380] identifier 'flush_f' is used before its declaration [D:/cpu-design/miniRV/src/rtl/cpu_core.v:76]
WARNING: [VRFC 10-3380] identifier 'flush_f' is used before its declaration [D:/cpu-design/miniRV/src/rtl/cpu_core.v:83]
WARNING: [VRFC 10-3380] identifier 'pc_next' is used before its declaration [D:/cpu-design/miniRV/src/rtl/cpu_core.v:84]
WARNING: [VRFC 10-3380] identifier 'pc_next' is used before its declaration [D:/cpu-design/miniRV/src/rtl/cpu_core.v:85]
WARNING: [VRFC 10-3380] identifier 'stall_f' is used before its declaration [D:/cpu-design/miniRV/src/rtl/cpu_core.v:86]
WARNING: [VRFC 10-3380] identifier 'load_use_stall' is used before its declaration [D:/cpu-design/miniRV/src/rtl/cpu_core.v:88]
WARNING: [VRFC 10-3380] identifier 'stall_f' is used before its declaration [D:/cpu-design/miniRV/src/rtl/cpu_core.v:95]
WARNING: [VRFC 10-3380] identifier 'mul_div_flush' is used before its declaration [D:/cpu-design/miniRV/src/rtl/cpu_core.v:96]
WARNING: [VRFC 10-3380] identifier 'pc_next' is used before its declaration [D:/cpu-design/miniRV/src/rtl/cpu_core.v:98]
WARNING: [VRFC 10-3380] identifier 'stall_f' is used before its declaration [D:/cpu-design/miniRV/src/rtl/cpu_core.v:116]
WARNING: [VRFC 10-3380] identifier 'flush_d' is used before its declaration [D:/cpu-design/miniRV/src/rtl/cpu_core.v:223]
WARNING: [VRFC 10-3380] identifier 'stall_d' is used before its declaration [D:/cpu-design/miniRV/src/rtl/cpu_core.v:236]
WARNING: [VRFC 10-3380] identifier 'id_fwd_rd1' is used before its declaration [D:/cpu-design/miniRV/src/rtl/cpu_core.v:238]
WARNING: [VRFC 10-3380] identifier 'id_store_data' is used before its declaration [D:/cpu-design/miniRV/src/rtl/cpu_core.v:239]
WARNING: [VRFC 10-3380] identifier 'ex_br' is used before its declaration [D:/cpu-design/miniRV/src/rtl/cpu_core.v:273]
WARNING: [VRFC 10-3380] identifier 'ex_alu_c' is used before its declaration [D:/cpu-design/miniRV/src/rtl/cpu_core.v:278]
WARNING: [VRFC 10-3380] identifier 'mul_div_release' is used before its declaration [D:/cpu-design/miniRV/src/rtl/cpu_core.v:287]
WARNING: [VRFC 10-3380] identifier 'mul_div_release' is used before its declaration [D:/cpu-design/miniRV/src/rtl/cpu_core.v:292]
WARNING: [VRFC 10-3380] identifier 'mul_div_release' is used before its declaration [D:/cpu-design/miniRV/src/rtl/cpu_core.v:300]
WARNING: [VRFC 10-3380] identifier 'ex_mul_div_busy' is used before its declaration [D:/cpu-design/miniRV/src/rtl/cpu_core.v:320]
WARNING: [VRFC 10-3380] identifier 'ex_alu_c' is used before its declaration [D:/cpu-design/miniRV/src/rtl/cpu_core.v:360]
WARNING: [VRFC 10-3380] identifier 'ex_mem_alu_c' is used before its declaration [D:/cpu-design/miniRV/src/rtl/cpu_core.v:362]
WARNING: [VRFC 10-3380] identifier 'wb_forward_data' is used before its declaration [D:/cpu-design/miniRV/src/rtl/cpu_core.v:364]
WARNING: [VRFC 10-3380] identifier 'ex_alu_c' is used before its declaration [D:/cpu-design/miniRV/src/rtl/cpu_core.v:368]
WARNING: [VRFC 10-3380] identifier 'ex_mem_alu_c' is used before its declaration [D:/cpu-design/miniRV/src/rtl/cpu_core.v:370]
WARNING: [VRFC 10-3380] identifier 'wb_forward_data' is used before its declaration [D:/cpu-design/miniRV/src/rtl/cpu_core.v:372]
WARNING: [VRFC 10-3380] identifier 'ex_alu_c' is used before its declaration [D:/cpu-design/miniRV/src/rtl/cpu_core.v:379]
WARNING: [VRFC 10-3380] identifier 'ex_mem_alu_c' is used before its declaration [D:/cpu-design/miniRV/src/rtl/cpu_core.v:381]
WARNING: [VRFC 10-3380] identifier 'ex_mem_rf_wsel' is used before its declaration [D:/cpu-design/miniRV/src/rtl/cpu_core.v:389]
WARNING: [VRFC 10-3380] identifier 'ex_mem_rf_wsel' is used before its declaration [D:/cpu-design/miniRV/src/rtl/cpu_core.v:390]
WARNING: [VRFC 10-3380] identifier 'ex_mem_alu_c' is used before its declaration [D:/cpu-design/miniRV/src/rtl/cpu_core.v:391]
WARNING: [VRFC 10-3380] identifier 'wb_forward_data' is used before its declaration [D:/cpu-design/miniRV/src/rtl/cpu_core.v:396]
WARNING: [VRFC 10-3380] identifier 'wb_forward_data' is used before its declaration [D:/cpu-design/miniRV/src/rtl/cpu_core.v:402]
INFO: [VRFC 10-2263] Analyzing Verilog file "D:/cpu-design/miniRV/src/rtl/cpu_top.v" into library xil_defaultlib
INFO: [VRFC 10-311] analyzing module cpu_top
INFO: [VRFC 10-2263] Analyzing Verilog file "D:/cpu-design/miniRV/src/rtl/divider.v" into library xil_defaultlib
INFO: [VRFC 10-311] analyzing module divider
INFO: [VRFC 10-2263] Analyzing Verilog file "D:/cpu-design/miniRV/src/rtl/miniRV_SoC.v" into library xil_defaultlib
INFO: [VRFC 10-311] analyzing module miniRV_SoC
INFO: [VRFC 10-2263] Analyzing Verilog file "D:/cpu-design/miniRV/src/rtl/multiplier.v" into library xil_defaultlib
INFO: [VRFC 10-311] analyzing module multiplier
WARNING: [VRFC 10-3380] identifier 'O_WID' is used before its declaration [D:/cpu-design/miniRV/src/rtl/multiplier.v:11]
INFO: [VRFC 10-2263] Analyzing Verilog file "D:/cpu-design/miniRV/src/sim/soc_simple_tb.v" into library xil_defaultlib
INFO: [VRFC 10-311] analyzing module soc_simple_tb
INFO: [VRFC 10-2263] Analyzing Verilog file "D:/cpu-design/miniRV/miniRV.sim/sim_1/behav/xsim/glbl.v" into library xil_defaultlib
INFO: [VRFC 10-311] analyzing module glbl
